// Jest Snapshot v1, https://goo.gl/fbAQLP

exports[`geojsonHelpers geojsonByType 1`] = `
Object {
  "node": Object {
    "copyright": "The data included in this document is from www.openstreetmap.org. The data is made available under ODbL.",
    "features": Array [
      Object {
        "geometry": Object {
          "coordinates": Array [
            -118.2359235,
            34.0638128,
          ],
          "type": "Point",
        },
        "id": "node/279043953",
        "properties": Object {
          "@changeset": "29120681",
          "@id": "node/279043953",
          "@timestamp": "2015-02-26T18:55:58Z",
          "@uid": "1703904",
          "@user": "JoeFriday",
          "@version": "6",
          "name": "Chinatown",
          "railway": "station",
        },
        "type": "Feature",
      },
      Object {
        "geometry": Object {
          "coordinates": Array [
            -118.2338316,
            34.0586079,
          ],
          "type": "Point",
        },
        "id": "node/279044617",
        "properties": Object {
          "@changeset": "13737516",
          "@id": "node/279044617",
          "@timestamp": "2012-11-03T18:04:42Z",
          "@uid": "167417",
          "@user": "osm-sputnik",
          "@version": "4",
          "railway": "switch",
        },
        "type": "Feature",
      },
      Object {
        "geometry": Object {
          "coordinates": Array [
            -118.234136,
            34.0580498,
          ],
          "type": "Point",
        },
        "id": "node/1995653833",
        "properties": Object {
          "@changeset": "13737516",
          "@id": "node/1995653833",
          "@timestamp": "2012-11-03T18:04:42Z",
          "@uid": "167417",
          "@user": "osm-sputnik",
          "@version": "2",
          "railway": "switch",
        },
        "type": "Feature",
      },
      Object {
        "geometry": Object {
          "coordinates": Array [
            -118.2340864,
            34.0580316,
          ],
          "type": "Point",
        },
        "id": "node/1995746990",
        "properties": Object {
          "@changeset": "13737516",
          "@id": "node/1995746990",
          "@timestamp": "2012-11-03T18:04:42Z",
          "@uid": "167417",
          "@user": "osm-sputnik",
          "@version": "2",
          "railway": "switch",
        },
        "type": "Feature",
      },
      Object {
        "geometry": Object {
          "coordinates": Array [
            -118.2337838,
            34.0585847,
          ],
          "type": "Point",
        },
        "id": "node/1995746998",
        "properties": Object {
          "@changeset": "13737516",
          "@id": "node/1995746998",
          "@timestamp": "2012-11-03T18:04:42Z",
          "@uid": "167417",
          "@user": "osm-sputnik",
          "@version": "2",
          "railway": "switch",
        },
        "type": "Feature",
      },
      Object {
        "geometry": Object {
          "coordinates": Array [
            -118.2359235,
            34.0638128,
          ],
          "type": "Point",
        },
        "id": "node/279043953",
        "properties": Object {
          "@changeset": "29120681",
          "@id": "node/279043953",
          "@timestamp": "2015-02-26T18:55:58Z",
          "@uid": "1703904",
          "@user": "JoeFriday",
          "@version": "6",
          "name": "Chinatown",
          "railway": "station",
        },
        "type": "Feature",
      },
    ],
    "generator": "overpass-turbo",
    "timestamp": "2017-04-06T22:46:03Z",
    "type": "FeatureCollection",
  },
  "way": Object {
    "copyright": "The data included in this document is from www.openstreetmap.org. The data is made available under ODbL.",
    "features": Array [
      Object {
        "geometry": Object {
          "coordinates": Array [
            Array [
              Array [
                -118.2359531,
                34.0634086,
              ],
              Array [
                -118.2356572,
                34.0642587,
              ],
              Array [
                -118.2357371,
                34.0642746,
              ],
              Array [
                -118.2360308,
                34.0634263,
              ],
              Array [
                -118.2359531,
                34.0634086,
              ],
            ],
          ],
          "type": "Polygon",
        },
        "id": "way/188933607",
        "properties": Object {
          "@changeset": "32142174",
          "@id": "way/188933607",
          "@timestamp": "2015-06-22T16:28:16Z",
          "@uid": "28775",
          "@user": "StellanL",
          "@version": "2",
          "area": "yes",
          "bridge": "yes",
          "layer": "1",
          "public_transport": "platform",
          "railway": "platform",
        },
        "type": "Feature",
      },
      Object {
        "geometry": Object {
          "coordinates": Array [
            Array [
              -118.2346686,
              34.0670648,
            ],
            Array [
              -118.2347391,
              34.0669455,
            ],
            Array [
              -118.2348043,
              34.066828,
            ],
            Array [
              -118.2348577,
              34.0667141,
            ],
            Array [
              -118.2349101,
              34.0666045,
            ],
            Array [
              -118.2349722,
              34.066465,
            ],
            Array [
              -118.2350312,
              34.0663232,
            ],
            Array [
              -118.2350749,
              34.0662099,
            ],
            Array [
              -118.2351306,
              34.0660662,
            ],
            Array [
              -118.2351871,
              34.0659159,
            ],
            Array [
              -118.235229,
              34.0658044,
            ],
            Array [
              -118.2353526,
              34.065471,
            ],
            Array [
              -118.2354425,
              34.0652107,
            ],
            Array [
              -118.2355053,
              34.0650268,
            ],
            Array [
              -118.235575,
              34.064817,
            ],
            Array [
              -118.2356883,
              34.0644823,
            ],
            Array [
              -118.2357537,
              34.0642801,
            ],
            Array [
              -118.2359235,
              34.0638128,
            ],
            Array [
              -118.2360976,
              34.0632734,
            ],
            Array [
              -118.2361204,
              34.0632032,
            ],
            Array [
              -118.2361557,
              34.0630814,
            ],
            Array [
              -118.2361777,
              34.062965,
            ],
            Array [
              -118.2361996,
              34.0628185,
            ],
            Array [
              -118.2362079,
              34.0627155,
            ],
            Array [
              -118.2362041,
              34.0625995,
            ],
            Array [
              -118.2361895,
              34.0625012,
            ],
            Array [
              -118.2361692,
              34.0623953,
            ],
            Array [
              -118.2361388,
              34.0622866,
            ],
            Array [
              -118.236091,
              34.0621542,
            ],
            Array [
              -118.2360291,
              34.0620282,
            ],
            Array [
              -118.2359711,
              34.0619312,
            ],
            Array [
              -118.2358942,
              34.0618248,
            ],
            Array [
              -118.2358127,
              34.0617232,
            ],
            Array [
              -118.2357248,
              34.0616307,
            ],
            Array [
              -118.2356377,
              34.0615488,
            ],
            Array [
              -118.2355392,
              34.0614677,
            ],
            Array [
              -118.2354403,
              34.0613988,
            ],
            Array [
              -118.2353455,
              34.0613383,
            ],
            Array [
              -118.2352513,
              34.0612808,
            ],
            Array [
              -118.2350529,
              34.0611713,
            ],
            Array [
              -118.2346709,
              34.0609545,
            ],
            Array [
              -118.2345442,
              34.0608803,
            ],
            Array [
              -118.2344614,
              34.0608307,
            ],
            Array [
              -118.2343444,
              34.0607518,
            ],
            Array [
              -118.2342319,
              34.0606717,
            ],
            Array [
              -118.2341304,
              34.0605969,
            ],
            Array [
              -118.2340405,
              34.060524,
            ],
            Array [
              -118.2339424,
              34.0604397,
            ],
            Array [
              -118.2338382,
              34.0603409,
            ],
            Array [
              -118.2337511,
              34.0602542,
            ],
            Array [
              -118.23367,
              34.0601637,
            ],
            Array [
              -118.2336045,
              34.0600766,
            ],
            Array [
              -118.2335486,
              34.0599861,
            ],
            Array [
              -118.2335033,
              34.0598931,
            ],
            Array [
              -118.2334743,
              34.059795,
            ],
            Array [
              -118.2334507,
              34.0596924,
            ],
            Array [
              -118.2334395,
              34.0595987,
            ],
            Array [
              -118.2334415,
              34.0595198,
            ],
            Array [
              -118.2334507,
              34.0594197,
            ],
            Array [
              -118.2334656,
              34.0593409,
            ],
            Array [
              -118.2334913,
              34.0592534,
            ],
            Array [
              -118.2335222,
              34.0591759,
            ],
            Array [
              -118.2335639,
              34.0590903,
            ],
            Array [
              -118.2336153,
              34.0589939,
            ],
            Array [
              -118.2338316,
              34.0586079,
            ],
            Array [
              -118.2339113,
              34.0584654,
            ],
            Array [
              -118.2340021,
              34.0582921,
            ],
            Array [
              -118.234136,
              34.0580498,
            ],
            Array [
              -118.2342141,
              34.0579046,
            ],
            Array [
              -118.2343054,
              34.0577395,
            ],
            Array [
              -118.2343926,
              34.0575798,
            ],
            Array [
              -118.2344433,
              34.0574811,
            ],
            Array [
              -118.2344883,
              34.0573844,
            ],
            Array [
              -118.2345312,
              34.0572798,
            ],
            Array [
              -118.2345632,
              34.0571823,
            ],
            Array [
              -118.2345974,
              34.0570562,
            ],
            Array [
              -118.2346319,
              34.0569792,
            ],
          ],
          "type": "LineString",
        },
        "id": "way/25599696",
        "properties": Object {
          "@changeset": "43018634",
          "@id": "way/25599696",
          "@timestamp": "2016-10-19T20:12:31Z",
          "@uid": "123633",
          "@user": "stevea",
          "@version": "16",
          "bridge": "yes",
          "electrified": "contact_line",
          "frequency": "0",
          "gauge": "1435",
          "layer": "1",
          "name": "Gold Line",
          "network": "Metrolink",
          "railway": "light_rail",
          "source": "survey;image;usgs_imagery",
          "source_ref": "AM909_DSCR9579",
          "voltage": "750",
        },
        "type": "Feature",
      },
      Object {
        "geometry": Object {
          "coordinates": Array [
            Array [
              -118.2345031,
              34.05696,
            ],
            Array [
              -118.2344887,
              34.0570432,
            ],
            Array [
              -118.2344705,
              34.0571323,
            ],
            Array [
              -118.2344471,
              34.0572321,
            ],
            Array [
              -118.2344237,
              34.0573147,
            ],
            Array [
              -118.2343942,
              34.0574131,
            ],
            Array [
              -118.2343587,
              34.0575079,
            ],
            Array [
              -118.2343136,
              34.0576092,
            ],
            Array [
              -118.234259,
              34.0577155,
            ],
            Array [
              -118.2341766,
              34.0578642,
            ],
            Array [
              -118.2340864,
              34.0580316,
            ],
            Array [
              -118.2339451,
              34.0582866,
            ],
            Array [
              -118.2337838,
              34.0585847,
            ],
            Array [
              -118.2336763,
              34.058775,
            ],
            Array [
              -118.2335974,
              34.0589188,
            ],
            Array [
              -118.233517,
              34.0590673,
            ],
            Array [
              -118.2334693,
              34.0591621,
            ],
            Array [
              -118.2334303,
              34.0592649,
            ],
            Array [
              -118.2334078,
              34.0593546,
            ],
            Array [
              -118.233393,
              34.0594459,
            ],
            Array [
              -118.2333878,
              34.0595335,
            ],
            Array [
              -118.2333887,
              34.0596197,
            ],
            Array [
              -118.2333982,
              34.0597059,
            ],
            Array [
              -118.2334156,
              34.0598014,
            ],
            Array [
              -118.2334399,
              34.059884,
            ],
            Array [
              -118.2334771,
              34.0599709,
            ],
            Array [
              -118.2335135,
              34.0600327,
            ],
            Array [
              -118.2335669,
              34.0601149,
            ],
            Array [
              -118.2336429,
              34.0602105,
            ],
            Array [
              -118.2337367,
              34.0603136,
            ],
            Array [
              -118.2338465,
              34.0604193,
            ],
            Array [
              -118.2339482,
              34.0605132,
            ],
            Array [
              -118.2340843,
              34.0606229,
            ],
            Array [
              -118.2342027,
              34.0607118,
            ],
            Array [
              -118.2343198,
              34.060791,
            ],
            Array [
              -118.2344773,
              34.0608931,
            ],
            Array [
              -118.2345944,
              34.0609632,
            ],
            Array [
              -118.2347673,
              34.0610648,
            ],
            Array [
              -118.2350508,
              34.0612257,
            ],
            Array [
              -118.2351913,
              34.0613068,
            ],
            Array [
              -118.2353022,
              34.0613751,
            ],
            Array [
              -118.2354046,
              34.0614462,
            ],
            Array [
              -118.2354852,
              34.0615094,
            ],
            Array [
              -118.2355626,
              34.0615762,
            ],
            Array [
              -118.2356363,
              34.0616488,
            ],
            Array [
              -118.2356996,
              34.0617156,
            ],
            Array [
              -118.2357646,
              34.0617932,
            ],
            Array [
              -118.235821,
              34.0618722,
            ],
            Array [
              -118.2358791,
              34.0619533,
            ],
            Array [
              -118.235932,
              34.0620532,
            ],
            Array [
              -118.235984,
              34.062158,
            ],
            Array [
              -118.2360195,
              34.0622543,
            ],
            Array [
              -118.2360403,
              34.0623182,
            ],
            Array [
              -118.2360672,
              34.0624101,
            ],
            Array [
              -118.2360828,
              34.0625143,
            ],
            Array [
              -118.2360941,
              34.0626199,
            ],
            Array [
              -118.2360984,
              34.0627499,
            ],
            Array [
              -118.2360898,
              34.0628619,
            ],
            Array [
              -118.2360785,
              34.0629603,
            ],
            Array [
              -118.2360646,
              34.0630321,
            ],
            Array [
              -118.2360473,
              34.0630968,
            ],
            Array [
              -118.2360117,
              34.063193,
            ],
            Array [
              -118.2359927,
              34.0632526,
            ],
            Array [
              -118.2359415,
              34.0634028,
            ],
            Array [
              -118.2356467,
              34.0642582,
            ],
            Array [
              -118.2356025,
              34.0643997,
            ],
            Array [
              -118.2355453,
              34.0645692,
            ],
            Array [
              -118.2354274,
              34.0649218,
            ],
            Array [
              -118.2353424,
              34.065194,
            ],
            Array [
              -118.2352072,
              34.065607,
            ],
            Array [
              -118.2350996,
              34.0659317,
            ],
            Array [
              -118.2350337,
              34.0661234,
            ],
            Array [
              -118.2349774,
              34.0662735,
            ],
            Array [
              -118.2349375,
              34.066382,
            ],
            Array [
              -118.2348838,
              34.0665127,
            ],
            Array [
              -118.2348274,
              34.0666377,
            ],
            Array [
              -118.2347702,
              34.0667626,
            ],
            Array [
              -118.2347043,
              34.0668869,
            ],
            Array [
              -118.234654,
              34.0669738,
            ],
            Array [
              -118.2346096,
              34.0670463,
            ],
          ],
          "type": "LineString",
        },
        "id": "way/188943651",
        "properties": Object {
          "@changeset": "13737274",
          "@id": "way/188943651",
          "@timestamp": "2012-11-03T17:47:24Z",
          "@uid": "167417",
          "@user": "osm-sputnik",
          "@version": "1",
          "bridge": "yes",
          "electrified": "contact_line",
          "frequency": "0",
          "gauge": "1435",
          "layer": "1",
          "name": "Gold Line",
          "railway": "light_rail",
          "voltage": "750",
        },
        "type": "Feature",
      },
    ],
    "generator": "overpass-turbo",
    "timestamp": "2017-04-06T22:46:03Z",
    "type": "FeatureCollection",
  },
}
`;
